ubuntu@k8s-node:~/advanced-kubernetes$ curl -L https://istio.io/downloadIstio | ISTIO_VERSION=1.28.0 sh - # Downloads and extracts the specified Istio version.
export PATH="$PWD/istio-1.28.0/bin:$PATH" # Adds Istio binaries to your PATH for easy access.
istioctl install --set profile=minimal -y # Installs Istio with the minimal profile, suitable for labs and quick demos.
  % Total    % Received % Xferd  Average Speed   Time    Time     Time  Current
                                 Dload  Upload   Total   Spent    Left  Speed
100   102  100   102    0     0    504      0 --:--:-- --:--:-- --:--:--   507
100  5124  100  5124    0     0  14959      0 --:--:-- --:--:-- --:--:-- 14959

Downloading istio-1.28.0 from https://github.com/istio/istio/releases/download/1.28.0/istio-1.28.0-linux-arm64.tar.gz ...

Istio 1.28.0 download complete!

The Istio release archive has been downloaded to the istio-1.28.0 directory.

To configure the istioctl client tool for your workstation,
add the /home/ubuntu/advanced-kubernetes/istio-1.28.0/bin directory to your environment path variable with:
	 export PATH="$PATH:/home/ubuntu/advanced-kubernetes/istio-1.28.0/bin"

Begin the Istio pre-installation check by running:
	 istioctl x precheck 

Try Istio in ambient mode
	https://istio.io/latest/docs/ambient/getting-started/
Try Istio in sidecar mode
	https://istio.io/latest/docs/setup/getting-started/
Install guides for ambient mode
	https://istio.io/latest/docs/ambient/install/
Install guides for sidecar mode
	https://istio.io/latest/docs/setup/install/

Need more information? Visit https://istio.io/latest/docs/ 
        |\          
        | \         
        |  \        
        |   \       
      /||    \      
     / ||     \     
    /  ||      \    
   /   ||       \   
  /    ||        \  
 /     ||         \ 
/______||__________\
____________________
  \__       _____/  
     \_____/        

âœ” Istio core installed â›µï¸                                                                                              
âœ” Istiod installed ðŸ§                                                                                                   
âœ” Installation complete                                                                                                
ubuntu@k8s-node:~/advanced-kubernetes$ istioctl install --set profile=minimal -y # Installs Istio with the minimal profile, suitable for labs and quick demos.
        |\          
        | \         
        |  \        
        |   \       
      /||    \      
     / ||     \     
    /  ||      \    
   /   ||       \   
  /    ||        \  
 /     ||         \ 
/______||__________\
____________________
  \__       _____/  
     \_____/        

âœ” Istio core installed â›µï¸                                                                                              
âœ” Istiod installed ðŸ§                                                                                                   
âœ” Installation complete                                                                                                
ubuntu@k8s-node:~/advanced-kubernetes$ kubectl get pods -n istio-system # Checks that Istio components are running in the `istio-system` namespace.
NAME                      READY   STATUS    RESTARTS   AGE
istiod-5b4cbf7fd4-vqchv   1/1     Running   0          47s
ubuntu@k8s-node:~/advanced-kubernetes$ kubectl apply -f https://raw.githubusercontent.com/istio/istio/release-1.28/samples/addons/kiali.yaml
kubectl apply -f https://raw.githubusercontent.com/istio/istio/release-1.28/samples/addons/prometheus.yaml
kubectl apply -f https://raw.githubusercontent.com/istio/istio/release-1.28/samples/addons/grafana.yaml
serviceaccount/kiali created
configmap/kiali created
clusterrole.rbac.authorization.k8s.io/kiali created
clusterrolebinding.rbac.authorization.k8s.io/kiali created
service/kiali created
deployment.apps/kiali created
serviceaccount/prometheus created
configmap/prometheus created
clusterrole.rbac.authorization.k8s.io/prometheus created
clusterrolebinding.rbac.authorization.k8s.io/prometheus created
service/prometheus created
deployment.apps/prometheus created
serviceaccount/grafana created
configmap/grafana created
service/grafana created
deployment.apps/grafana created
configmap/istio-grafana-dashboards created
configmap/istio-services-grafana-dashboards created
ubuntu@k8s-node:~/advanced-kubernetes$ kubectl port-forward -n istio-system svc/kiali 20001:20001
Forwarding from 127.0.0.1:20001 -> 20001
Forwarding from [::1]:20001 -> 20001
^Cubuntu@k8s-node:~/advanced-kuberneteskubectl create namespace demomo
kubectl label namespace demo istio-injection=enabled
namespace/demo created
namespace/demo labeled
ubuntu@k8s-node:~/advanced-kubernetes$ kubectl apply -n demo -f https://raw.githubusercontent.com/istio/istio/release-1.28/samples/helloworld/helloworld.yaml
kubectl get pods -n demo -w 
service/helloworld created
deployment.apps/helloworld-v1 created
deployment.apps/helloworld-v2 created
NAME                             READY   STATUS    RESTARTS   AGE
helloworld-v1-7c56bdc7b5-2tk65   0/2     Pending   0          0s
helloworld-v1-7c56bdc7b5-2tk65   0/2     Pending   0          0s
helloworld-v2-86b89467fc-7k8th   0/2     Pending   0          0s
helloworld-v1-7c56bdc7b5-2tk65   0/2     Init:0/2   0          0s
helloworld-v2-86b89467fc-7k8th   0/2     Pending    0          0s
helloworld-v1-7c56bdc7b5-2tk65   0/2     Init:0/2   0          25s
helloworld-v1-7c56bdc7b5-2tk65   0/2     Init:1/2   0          26s
helloworld-v1-7c56bdc7b5-2tk65   0/2     Init:1/2   0          27s
helloworld-v1-7c56bdc7b5-2tk65   0/2     PodInitializing   0          28s
helloworld-v1-7c56bdc7b5-2tk65   0/2     PodInitializing   0          29s
helloworld-v1-7c56bdc7b5-2tk65   1/2     PodInitializing   0          30s
helloworld-v1-7c56bdc7b5-2tk65   2/2     Running           0          56s
^Cubuntu@k8s-node:~/advanced-kubernetes kubectl describe pod -n demo | grep -E "container.*istio-proxy"y"
  Normal  Created    77s   kubelet            spec.initContainers{istio-proxy}: Created container: istio-proxy
  Normal  Started    76s   kubelet            spec.initContainers{istio-proxy}: Started container istio-proxy
ubuntu@k8s-node:~/advanced-kubernetes$ istio/helloworld-traffic.sh
Hello version: v1, instance: helloworld-v1-7c56bdc7b5-2tk65
Hello version: v1, instance: helloworld-v1-7c56bdc7b5-2tk65
Hello version: v1, instance: helloworld-v1-7c56bdc7b5-2tk65
Hello version: v1, instance: helloworld-v1-7c56bdc7b5-2tk65
Hello version: v1, instance: helloworld-v1-7c56bdc7b5-2tk65
Hello version: v1, instance: helloworld-v1-7c56bdc7b5-2tk65
Hello version: v1, instance: helloworld-v1-7c56bdc7b5-2tk65
Hello version: v1, instance: helloworld-v1-7c56bdc7b5-2tk65
Hello version: v1, instance: helloworld-v1-7c56bdc7b5-2tk65
Hello version: v1, instance: helloworld-v1-7c56bdc7b5-2tk65
Hello version: v1, instance: helloworld-v1-7c56bdc7b5-2tk65
Hello version: v1, instance: helloworld-v1-7c56bdc7b5-2tk65
Hello version: v1, instance: helloworld-v1-7c56bdc7b5-2tk65
Hello version: v1, instance: helloworld-v1-7c56bdc7b5-2tk65
Hello version: v1, instance: helloworld-v1-7c56bdc7b5-2tk65
Hello version: v1, instance: helloworld-v1-7c56bdc7b5-2tk65
Hello version: v1, instance: helloworld-v1-7c56bdc7b5-2tk65
Hello version: v1, instance: helloworld-v1-7c56bdc7b5-2tk65
Hello version: v1, instance: helloworld-v1-7c56bdc7b5-2tk65
Hello version: v1, instance: helloworld-v1-7c56bdc7b5-2tk65
Hello version: v1, instance: helloworld-v1-7c56bdc7b5-2tk65
^C
ubuntu@k8s-node:~/advanced-kubernetes$ kubectl port-forward -n istio-system svc/kiali 20001:20001
Forwarding from 127.0.0.1:20001 -> 20001
Forwarding from [::1]:20001 -> 20001
^Cubuntu@k8s-node:~/advanced-kuberneteskubectl apply -f istio/mtls.yamlml
peerauthentication.security.istio.io/default created
ubuntu@k8s-node:~/advanced-kubernetes$ kubectl rollout restart deployment -n demo helloworld-v1 helloworld-v2
istio/helloworld-traffic.sh
deployment.apps/helloworld-v1 restarted
deployment.apps/helloworld-v2 restarted
Hello version: v1, instance: helloworld-v1-7c56bdc7b5-2tk65
Error from server (BadRequest): pod helloworld-v1-59f9f87df9-vxlcw does not have a host assigned
Error from server (BadRequest): pod helloworld-v1-59f9f87df9-vxlcw does not have a host assigned
Error from server (BadRequest): pod helloworld-v1-59f9f87df9-vxlcw does not have a host assigned
Error from server (BadRequest): pod helloworld-v1-59f9f87df9-vxlcw does not have a host assigned
Error from server (BadRequest): pod helloworld-v1-59f9f87df9-vxlcw does not have a host assigned
Error from server (BadRequest): pod helloworld-v1-59f9f87df9-vxlcw does not have a host assigned
Error from server (BadRequest): pod helloworld-v1-59f9f87df9-vxlcw does not have a host assigned
Error from server (BadRequest): pod helloworld-v1-59f9f87df9-vxlcw does not have a host assigned
Error from server (BadRequest): pod helloworld-v1-59f9f87df9-vxlcw does not have a host assigned
Error from server (BadRequest): pod helloworld-v1-59f9f87df9-vxlcw does not have a host assigned
Error from server (BadRequest): pod helloworld-v1-59f9f87df9-vxlcw does not have a host assigned
Error from server (BadRequest): pod helloworld-v1-59f9f87df9-vxlcw does not have a host assigned
Error from server (BadRequest): pod helloworld-v1-59f9f87df9-vxlcw does not have a host assigned
Error from server (BadRequest): pod helloworld-v1-59f9f87df9-vxlcw does not have a host assigned
Error from server (BadRequest): pod helloworld-v1-59f9f87df9-vxlcw does not have a host assigned
Error from server (BadRequest): pod helloworld-v1-59f9f87df9-vxlcw does not have a host assigned
Error from server (BadRequest): pod helloworld-v1-59f9f87df9-vxlcw does not have a host assigned
Error from server (BadRequest): pod helloworld-v1-59f9f87df9-vxlcw does not have a host assigned
Error from server (BadRequest): pod helloworld-v1-59f9f87df9-vxlcw does not have a host assigned
Error from server (BadRequest): pod helloworld-v1-59f9f87df9-vxlcw does not have a host assigned
Error from server (BadRequest): pod helloworld-v1-59f9f87df9-vxlcw does not have a host assigned
Error from server (BadRequest): pod helloworld-v1-59f9f87df9-vxlcw does not have a host assigned
Error from server (BadRequest): pod helloworld-v1-59f9f87df9-vxlcw does not have a host assigned
Error from server (BadRequest): pod helloworld-v1-59f9f87df9-vxlcw does not have a host assigned
Error from server (BadRequest): pod helloworld-v1-59f9f87df9-vxlcw does not have a host assigned
Error from server (BadRequest): pod helloworld-v1-59f9f87df9-vxlcw does not have a host assigned
Error from server (BadRequest): pod helloworld-v1-59f9f87df9-vxlcw does not have a host assigned
Error from server (BadRequest): pod helloworld-v1-59f9f87df9-vxlcw does not have a host assigned
Error from server (BadRequest): pod helloworld-v1-59f9f87df9-vxlcw does not have a host assigned
Error from server (BadRequest): pod helloworld-v1-59f9f87df9-vxlcw does not have a host assigned
Error from server (BadRequest): pod helloworld-v1-59f9f87df9-vxlcw does not have a host assigned
Error from server (BadRequest): pod helloworld-v1-59f9f87df9-vxlcw does not have a host assigned
Error from server (BadRequest): pod helloworld-v1-59f9f87df9-vxlcw does not have a host assigned
Error from server (BadRequest): pod helloworld-v1-59f9f87df9-vxlcw does not have a host assigned
Error from server (BadRequest): pod helloworld-v1-59f9f87df9-vxlcw does not have a host assigned
Error from server (BadRequest): pod helloworld-v1-59f9f87df9-vxlcw does not have a host assigned
Error from server (BadRequest): pod helloworld-v1-59f9f87df9-vxlcw does not have a host assigned
Error from server (BadRequest): pod helloworld-v1-59f9f87df9-vxlcw does not have a host assigned
Error from server (BadRequest): pod helloworld-v1-59f9f87df9-vxlcw does not have a host assigned
Error from server (BadRequest): pod helloworld-v1-59f9f87df9-vxlcw does not have a host assigned
Error from server (BadRequest): pod helloworld-v1-59f9f87df9-vxlcw does not have a host assigned
Error from server (BadRequest): pod helloworld-v1-59f9f87df9-vxlcw does not have a host assigned
Error from server (BadRequest): pod helloworld-v1-59f9f87df9-vxlcw does not have a host assigned
Error from server (BadRequest): pod helloworld-v1-59f9f87df9-vxlcw does not have a host assigned
Error from server (BadRequest): pod helloworld-v1-59f9f87df9-vxlcw does not have a host assigned
Error from server (BadRequest): pod helloworld-v1-59f9f87df9-vxlcw does not have a host assigned
Error from server (BadRequest): pod helloworld-v1-59f9f87df9-vxlcw does not have a host assigned
Error from server (BadRequest): pod helloworld-v1-59f9f87df9-vxlcw does not have a host assigned
Error from server (BadRequest): pod helloworld-v1-59f9f87df9-vxlcw does not have a host assigned
Error from server (BadRequest): pod helloworld-v1-59f9f87df9-vxlcw does not have a host assigned
Error from server (BadRequest): pod helloworld-v1-59f9f87df9-vxlcw does not have a host assigned
Error from server (BadRequest): pod helloworld-v1-59f9f87df9-vxlcw does not have a host assigned
Error from server (BadRequest): pod helloworld-v1-59f9f87df9-vxlcw does not have a host assigned
Error from server (BadRequest): pod helloworld-v1-59f9f87df9-vxlcw does not have a host assigned
Error from server (BadRequest): pod helloworld-v1-59f9f87df9-vxlcw does not have a host assigned
Error from server (BadRequest): pod helloworld-v1-59f9f87df9-vxlcw does not have a host assigned
Error from server (BadRequest): pod helloworld-v1-59f9f87df9-vxlcw does not have a host assigned
Error from server (BadRequest): pod helloworld-v1-59f9f87df9-vxlcw does not have a host assigned
Error from server (BadRequest): pod helloworld-v1-59f9f87df9-vxlcw does not have a host assigned
Error from server (BadRequest): pod helloworld-v1-59f9f87df9-vxlcw does not have a host assigned
Error from server (BadRequest): pod helloworld-v1-59f9f87df9-vxlcw does not have a host assigned
Error from server (BadRequest): pod helloworld-v1-59f9f87df9-vxlcw does not have a host assigned
Error from server (BadRequest): pod helloworld-v1-59f9f87df9-vxlcw does not have a host assigned
Error from server (BadRequest): pod helloworld-v1-59f9f87df9-vxlcw does not have a host assigned
Error from server (BadRequest): pod helloworld-v1-59f9f87df9-vxlcw does not have a host assigned
Error from server (BadRequest): pod helloworld-v1-59f9f87df9-vxlcw does not have a host assigned
Error from server (BadRequest): pod helloworld-v1-59f9f87df9-vxlcw does not have a host assigned
Error from server (BadRequest): pod helloworld-v1-59f9f87df9-vxlcw does not have a host assigned
Error from server (BadRequest): pod helloworld-v1-59f9f87df9-vxlcw does not have a host assigned
Error from server (BadRequest): pod helloworld-v1-59f9f87df9-vxlcw does not have a host assigned
^C
ubuntu@k8s-node:~/advanced-kubernetes$ ip addr
1: lo: <LOOPBACK,UP,LOWER_UP> mtu 65536 qdisc noqueue state UNKNOWN group default qlen 1000
    link/loopback 00:00:00:00:00:00 brd 00:00:00:00:00:00
    inet 127.0.0.1/8 scope host lo
       valid_lft forever preferred_lft forever
    inet6 ::1/128 scope host noprefixroute 
       valid_lft forever preferred_lft forever
2: enp0s1: <BROADCAST,MULTICAST,UP,LOWER_UP> mtu 1500 qdisc fq_codel state UP group default qlen 1000
    link/ether 52:54:00:44:15:f9 brd ff:ff:ff:ff:ff:ff
    inet 192.168.64.8/24 metric 100 brd 192.168.64.255 scope global dynamic enp0s1
       valid_lft 2393sec preferred_lft 2393sec
    inet6 fdb4:d35f:6cba:c225:5054:ff:fe44:15f9/64 scope global dynamic mngtmpaddr noprefixroute 
       valid_lft 2591968sec preferred_lft 604768sec
    inet6 fe80::5054:ff:fe44:15f9/64 scope link 
       valid_lft forever preferred_lft forever
8: flannel.1: <BROADCAST,MULTICAST,UP,LOWER_UP> mtu 1450 qdisc noqueue state UNKNOWN group default 
    link/ether 9a:0e:7e:42:1e:b4 brd ff:ff:ff:ff:ff:ff
    inet 10.42.0.0/32 scope global flannel.1
       valid_lft forever preferred_lft forever
    inet6 fe80::980e:7eff:fe42:1eb4/64 scope link 
       valid_lft forever preferred_lft forever
9: cni0: <BROADCAST,MULTICAST,UP,LOWER_UP> mtu 1450 qdisc noqueue state UP group default qlen 1000
    link/ether ca:31:df:db:cd:a2 brd ff:ff:ff:ff:ff:ff
    inet 10.42.0.1/24 brd 10.42.0.255 scope global cni0
       valid_lft forever preferred_lft forever
    inet6 fe80::c831:dfff:fedb:cda2/64 scope link 
       valid_lft forever preferred_lft forever
13: veth5e3f6a13@if2: <BROADCAST,MULTICAST,UP,LOWER_UP> mtu 1450 qdisc noqueue master cni0 state UP group default 
    link/ether 1a:71:8e:03:44:3c brd ff:ff:ff:ff:ff:ff link-netns cni-abe4591a-3588-1318-d1f6-565d7c7df804
    inet6 fe80::34b9:4dff:fe29:2044/64 scope link 
       valid_lft forever preferred_lft forever
14: veth6880f31d@if2: <BROADCAST,MULTICAST,UP,LOWER_UP> mtu 1450 qdisc noqueue master cni0 state UP group default 
    link/ether 92:89:9e:3b:71:f9 brd ff:ff:ff:ff:ff:ff link-netns cni-96cdda4c-b562-d1af-98aa-9214def4463c
    inet6 fe80::9089:9eff:fe3b:71f9/64 scope link 
       valid_lft forever preferred_lft forever
15: vethbefcd075@if2: <BROADCAST,MULTICAST,UP,LOWER_UP> mtu 1450 qdisc noqueue master cni0 state UP group default 
    link/ether 56:ee:32:dd:1c:49 brd ff:ff:ff:ff:ff:ff link-netns cni-cc3a2755-c49c-b5ff-f70e-2fc91b820bb4
    inet6 fe80::54ee:32ff:fedd:1c49/64 scope link 
       valid_lft forever preferred_lft forever
17: veth04a4558c@if2: <BROADCAST,MULTICAST,UP,LOWER_UP> mtu 1450 qdisc noqueue master cni0 state UP group default 
    link/ether 72:a7:31:ca:b8:18 brd ff:ff:ff:ff:ff:ff link-netns cni-071b8147-b9df-19ac-6355-340c3a2ca297
    inet6 fe80::70a7:31ff:feca:b818/64 scope link 
       valid_lft forever preferred_lft forever
18: veth75a53f5b@if2: <BROADCAST,MULTICAST,UP,LOWER_UP> mtu 1450 qdisc noqueue master cni0 state UP group default 
    link/ether aa:88:82:8d:61:ae brd ff:ff:ff:ff:ff:ff link-netns cni-85697cb5-8ced-16fa-3efe-45bc6515356f
    inet6 fe80::a888:82ff:fe8d:61ae/64 scope link 
       valid_lft forever preferred_lft forever
20: veth3a8a058a@if2: <BROADCAST,MULTICAST,UP,LOWER_UP> mtu 1450 qdisc noqueue master cni0 state UP group default 
    link/ether 6a:77:ad:07:8d:2d brd ff:ff:ff:ff:ff:ff link-netns cni-b2f224ef-6d56-63c5-c987-d38b0ec67be3
    inet6 fe80::6877:adff:fe07:8d2d/64 scope link 
       valid_lft forever preferred_lft forever
21: vethb95b34ff@if2: <BROADCAST,MULTICAST,UP,LOWER_UP> mtu 1450 qdisc noqueue master cni0 state UP group default 
    link/ether 46:cb:2e:e0:3d:68 brd ff:ff:ff:ff:ff:ff link-netns cni-3f7758b5-f574-a31e-97bb-c403a8406093
    inet6 fe80::44cb:2eff:fee0:3d68/64 scope link 
       valid_lft forever preferred_lft forever
22: veth41461041@if2: <BROADCAST,MULTICAST,UP,LOWER_UP> mtu 1450 qdisc noqueue master cni0 state UP group default 
    link/ether d2:08:3e:b2:5b:3c brd ff:ff:ff:ff:ff:ff link-netns cni-61712a1c-c0d4-9341-737b-a1f87f4fb102
    inet6 fe80::d008:3eff:feb2:5b3c/64 scope link 
       valid_lft forever preferred_lft forever
23: veth6ad487fd@if2: <BROADCAST,MULTICAST,UP,LOWER_UP> mtu 1450 qdisc noqueue master cni0 state UP group default 
    link/ether 42:18:dc:98:2d:88 brd ff:ff:ff:ff:ff:ff link-netns cni-fe33fab4-49cd-154d-808e-fbf793c9a811
    inet6 fe80::4018:dcff:fe98:2d88/64 scope link 
       valid_lft forever preferred_lft forever
24: veth06eb74cb@if2: <BROADCAST,MULTICAST,UP,LOWER_UP> mtu 1450 qdisc noqueue master cni0 state UP group default 
    link/ether e6:8a:c8:20:9d:79 brd ff:ff:ff:ff:ff:ff link-netns cni-6ddf386c-cf04-089e-a1cd-d513ea155414
    inet6 fe80::c822:34ff:fe17:bb56/64 scope link 
       valid_lft forever preferred_lft forever
ubuntu@k8s-node:~/advanced-kubernetes$ kubectl port-forward -n istio-system svc/kiali 20001:20001
Forwarding from 127.0.0.1:20001 -> 20001
Forwarding from [::1]:20001 -> 20001
^Cubuntu@k8s-node:~/advanced-kubernetes$ curl ifconfigme
curl: (6) Could not resolve host: ifconfigme
ubuntu@k8s-node:~/advanced-kubernetes$ curl ifconfig.me
93.148.108.23ubuntu@k8s-node:~/advancedssh -L 20001:127.0.0.1:20001 ubuntu@93.148.108.23
^C
ubuntu@k8s-node:~/advanced-kubernetes$ kubectl create namespace travel-agency
kubectl create namespace travel-portal
kubectl create namespace travel-control

kubectl label namespace travel-agency istio-injection=enabled
kubectl label namespace travel-portal istio-injection=enabled
kubectl label namespace travel-control istio-injection=enabled
namespace/travel-agency created
namespace/travel-portal created
namespace/travel-control created
namespace/travel-agency labeled
namespace/travel-portal labeled
namespace/travel-control labeled
ubuntu@k8s-node:~/advanced-kubernetes$ kubectl apply -f <(curl -L https://raw.githubusercontent.com/kiali/demos/master/travels/travel_agency.yaml) -n travel-agency
kubectl apply -f <(curl -L https://raw.githubusercontent.com/kiali/demos/master/travels/travel_portal.yaml) -n travel-portal
kubectl apply -f <(curl -L https://raw.githubusercontent.com/kiali/demos/master/travels/travel_control.yaml) -n travel-control
  % Total    % Received % Xferd  Average Speed   Time    Time     Time  Current
                                 Dload  Upload   Total   Spent    Left  Speed
100 14773  100 14773    0     0  22272      0 --:--:-- --:--:-- --:--:-- 22282
secret/mysql-credentials created
service/mysqldb created
deployment.apps/mysqldb-v1 created
deployment.apps/cars-v1 created
service/cars created
deployment.apps/discounts-v1 created
service/discounts created
deployment.apps/flights-v1 created
service/flights created
deployment.apps/hotels-v1 created
service/hotels created
deployment.apps/insurances-v1 created
service/insurances created
deployment.apps/travels-v1 created
service/travels created
  % Total    % Received % Xferd  Average Speed   Time    Time     Time  Current
                                 Dload  Upload   Total   Spent    Left  Speed
100  5392  100  5392    0     0  17364      0 --:--:-- --:--:-- --:--:-- 17620
deployment.apps/voyages created
service/voyages created
deployment.apps/viaggi created
service/viaggi created
deployment.apps/travels created
service/travels created
  % Total    % Received % Xferd  Average Speed   Time    Time     Time  Current
                                 Dload  Upload   Total   Spent    Left  Speed
100  1089  100  1089    0     0   4261      0 --:--:-- --:--:-- --:--:--  4287
deployment.apps/control created
